// Jest Snapshot v1, https://goo.gl/fbAQLP

exports[`MovieSearch matches the snapshot 1`] = `
<form
  onSubmit={[Function]}
>
  <label
    htmlFor="movie-search"
  >
    Search for a movie
  </label>
  <input
    onChange={[Function]}
    type="text"
    value={undefined}
  />
</form>
`;
